09:09:34 **** Incremental Build of configuration Debug for project 3_sys_backup ****
make -j4 all 
arm-none-eabi-gcc "../Src/main.c" -mcpu=cortex-m4 -std=gnu11 -g3 -DDEBUG -DSTM32 -DSTM32F4 -DSTM32F411RETx -DSTM32F411xE -c -I../Inc -I"C:/Users/user/Documents/PVD_EEPROM-Course/3_sys_backup/chip_headers/CMSIS/Include" -I"C:/Users/user/Documents/PVD_EEPROM-Course/3_sys_backup/chip_headers/CMSIS/Device/ST/STM32F4xx/Include" -O0 -ffunction-sections -fdata-sections -Wall -fstack-usage -MMD -MP -MF"Src/main.d" -MT"Src/main.o" --specs=nano.specs -mfpu=fpv4-sp-d16 -mfloat-abi=hard -mthumb -o "Src/main.o"
arm-none-eabi-gcc -o "3_sys_backup.elf" @"objects.list"   -mcpu=cortex-m4 -T"C:\Users\user\Documents\PVD_EEPROM-Course\3_sys_backup\STM32F411RETX_FLASH.ld" --specs=nosys.specs -Wl,-Map="3_sys_backup.map" -Wl,--gc-sections -static --specs=nano.specs -mfpu=fpv4-sp-d16 -mfloat-abi=hard -mthumb -Wl,--start-group -lc -lm -Wl,--end-group
Finished building target: 3_sys_backup.elf
 
arm-none-eabi-size   3_sys_backup.elf 
arm-none-eabi-objdump -h -S  3_sys_backup.elf  > "3_sys_backup.list"
   text	   data	    bss	    dec	    hex	filename
   8372	    108	   1628	  10108	   277c	3_sys_backup.elf
Finished building: default.size.stdout
 
Finished building: 3_sys_backup.list
 
09:09:39 **** Incremental Build of configuration Debug for project 3_sys_backup ****
make -j4 all 
arm-none-eabi-size   3_sys_backup.elf 
   text	   data	    bss	    dec	    hex	filename
   8372	    108	   1628	  10108	   277c	3_sys_backup.elf
Finished building: default.size.stdout
 
